// Jest Snapshot v1, https://goo.gl/fbAQLP

exports[`<ProductGrid /> should render the original layout 1`] = `
<ProductGrid
  flags={null}
  handleGetProducts={[Function]}
  infiniteLoad={false}
  meta={null}
  products={[]}
  requestHash={null}
  scope={null}
  totalProductCount={null}
>
  <Layout
    columns={2}
  >
    <GridWithStyles
      className="tss-929t10-grid"
      data-test-id="productGrid"
      wrap={true}
    >
      <Grid
        className="tss-929t10-grid"
        classes={
          {
            "noWrap": "tss-18pnfnt-Grid-noWrap",
            "root": "tss-ttd1ja-Grid-root",
            "wrap": "tss-xzd4nf-Grid-wrap",
          }
        }
        component="ul"
        data-test-id="productGrid"
        wrap={true}
      >
        <ul
          className="tss-929t10-grid tss-1hcz9ti-Grid-root-grid common__grid tss-xzd4nf-Grid-wrap"
          classes={
            {
              "noWrap": "tss-18pnfnt-Grid-noWrap",
              "root": "tss-ttd1ja-Grid-root",
              "wrap": "tss-xzd4nf-Grid-wrap",
            }
          }
          data-test-id="productGrid"
        >
          <ProductListTypeProvider
            meta={null}
            subType={null}
            type="productGrid"
          />
        </ul>
      </Grid>
    </GridWithStyles>
  </Layout>
</ProductGrid>
`;

exports[`<ProductGrid /> should render with the InfiniteContainer 1`] = `
<ProductGrid
  flags={null}
  handleGetProducts={[Function]}
  infiniteLoad={true}
  meta={null}
  products={[]}
  requestHash={null}
  scope={null}
  totalProductCount={null}
>
  <Consumer>
    <ProductListTypeProvider
      meta={null}
      subType={null}
      type="productGrid"
    >
      <InfiniteContainer
        enablePromiseBasedLoading={true}
        initialLimit={32}
        items={[]}
        iterator={[Function]}
        limit={32}
        loader={[Function]}
        loadingIndicator={
          <LoadingIndicator
            className={null}
          />
        }
        requestHash={null}
        totalItems={null}
        wrapper={[Function]}
      />
    </ProductListTypeProvider>
  </Consumer>
</ProductGrid>
`;
