// Jest Snapshot v1, https://goo.gl/fbAQLP

exports[`<LiveMessenger /> should render 1`] = `
<LiveMessenger
  id={null}
>
  <div>
    <LiveMessage
      aria-live="assertive"
      message=""
      params={null}
    >
      <div
        aria-live="assertive"
        className="tss-1pj3g40-hiddenLiveRegion"
        role="log"
      >
        <Translate
          params={null}
          string=""
        />
      </div>
    </LiveMessage>
    <LiveMessage
      aria-live="polite"
      message=""
      params={null}
    >
      <div
        aria-live="polite"
        className="tss-1pj3g40-hiddenLiveRegion"
        role="log"
      >
        <Translate
          params={null}
          string=""
        />
      </div>
    </LiveMessage>
  </div>
</LiveMessenger>
`;
