// Jest Snapshot v1, https://goo.gl/fbAQLP

exports[`<Accordion /> should not render without a renderLabel prop 1`] = `
<Accordion
  chevronClassName={null}
  chevronPosition="right"
  className={null}
  contentClassName={null}
  handleLabel={null}
  openWithChevron={false}
  renderLabel={[Function]}
  role="button"
  startOpened={false}
  testId="Some Thing"
/>
`;

exports[`<Accordion /> should not render without children 1`] = `
<Accordion
  chevronClassName={null}
  chevronPosition="right"
  className={null}
  contentClassName={null}
  handleLabel={null}
  openWithChevron={false}
  renderLabel={[Function]}
  role="button"
  startOpened={false}
  testId="Some Thing"
/>
`;

exports[`<Accordion /> should render with renderLabel prop and children 1`] = `
<Accordion
  chevronClassName={null}
  chevronPosition="right"
  className={null}
  contentClassName={null}
  handleLabel={null}
  openWithChevron={false}
  renderLabel={[Function]}
  role="button"
  startOpened={false}
  testId="Some Thing"
>
  <div
    className="ui-material__accordion-container"
  >
    <AccordionContainer
      open={false}
    >
      <div
        aria-controls="Some-Thing-content"
        aria-expanded={false}
        aria-label={null}
        className="ui-material__accordion-title css-10xt915 css-dw3c54"
        data-test-id="Some Thing"
        key="accordion-toggle"
        onClick={[Function]}
        onKeyDown={[Function]}
        role="button"
        tabIndex="0"
      >
        <div
          className={
            Object {
              "data-css-1s27fob": "",
            }
          }
        >
          <div />
        </div>
        <div
          aria-label="favorites.open_list"
          className="css-1puew42"
        >
          <ChevronIcon
            className="css-paji06"
          />
        </div>
      </div>
      <AccordionContent
        className={null}
        id="Some-Thing-content"
        key="Some-Thing-content"
        open={false}
      >
        <ForwardRef
          aria-hidden={true}
          className="ui-material__accordion-content css-apm51k"
          id="Some-Thing-content"
          style={
            Object {
              "hook": "useSpring return value",
            }
          }
        >
          <div
            aria-hidden={true}
            className="ui-material__accordion-content css-apm51k"
            id="Some-Thing-content"
            style={
              Object {
                "hook": "useSpring return value",
              }
            }
          >
            <div>
              <div
                className="css-yh2lvw"
              >
                Some content.
              </div>
            </div>
          </div>
        </ForwardRef>
      </AccordionContent>
    </AccordionContainer>
  </div>
</Accordion>
`;
