// Jest Snapshot v1, https://goo.gl/fbAQLP

exports[`<LiveshoppingDiscount /> should not render the widget without any data 1`] = `
<LiveshoppingDiscount
  discount={50}
  productId="12345"
>
  <Portal
    name="product-item.discount.before"
    props={
      {
        "productId": "12345",
      }
    }
  />
  <Portal
    name="product-item.discount"
    props={
      {
        "productId": "12345",
      }
    }
  >
    <DiscountBadge
      className="sg-xqn6d8-root"
      discount={50}
      display="big"
      text="liveshopping.discount_badge"
    >
      <div
        aria-label="cart.discount: liveshopping.discount_badge"
        className="ui-shared__discount-badge"
        data-test-id="liveshopping.discount_badge"
        tabIndex={-1}
      >
        <Text
          acceptPlainTextWithPlaceholders={false}
          aria-hidden={true}
          className="theme__discount-badge sg-7s2hqk-big-root"
          params={
            [
              50,
            ]
          }
          role={null}
          string="liveshopping.discount_badge"
          transform={null}
        >
          liveshopping.discount_badge
        </Text>
      </div>
    </DiscountBadge>
  </Portal>
  <Portal
    name="product-item.discount.after"
    props={
      {
        "productId": "12345",
      }
    }
  />
</LiveshoppingDiscount>
`;
