// Jest Snapshot v1, https://goo.gl/fbAQLP

exports[`Filter: <PriceSlider /> should render with custom props 1`] = `
<div
  class="sg-1167cjk-wrapper"
  data-test-id="priceRangeSlider"
>
  <div
    data-testid="price-slider-label"
  />
</div>
`;

exports[`Filter: <PriceSlider /> should render with default props 1`] = `
<div
  class="sg-1167cjk-wrapper"
  data-test-id="priceRangeSlider"
>
  <div
    data-testid="price-slider-label"
  />
</div>
`;
