// Jest Snapshot v1, https://goo.gl/fbAQLP

exports[`PriceSlider: <Label /> should render 1`] = `
<div>
  <span
    class="sg-b9l18s-srOnly"
  >
    price.range
  </span>
  <span
    class="sg-f670y6-priceField"
  >
    <span
      aria-hidden="true"
      class="sg-zrkkw5-currencySymbol"
      id="price-slider-currency-label-min"
    >
      $
    </span>
    <input
      aria-describedby="price-slider-currency-label-min"
      aria-label="price.range_from"
      class="sg-i0gqr9-editableField"
      id="priceMin"
      inputmode="numeric"
      name="priceMin"
      pattern="[0-9]*"
      style="width: 7ch;"
      type="number"
      value="25"
    />
  </span>
  <span
    class="sg-f670y6-priceField"
  >
    <span
      aria-hidden="true"
      class="sg-zrkkw5-currencySymbol"
      id="price-slider-currency-label-max"
    >
      $
    </span>
    <input
      aria-describedby="price-slider-currency-label-max"
      aria-label="price.range_to"
      class="sg-i0gqr9-editableField"
      id="priceMax"
      inputmode="numeric"
      name="priceMax"
      pattern="[0-9]*"
      style="width: 7ch;"
      type="number"
      value="999"
    />
  </span>
</div>
`;
