// Jest Snapshot v1, https://goo.gl/fbAQLP

exports[`<CartEmpty /> should render 1`] = `
<div
  className="sg-1ood6um-wrapper"
>
  <Portal
    name="cart.empty.before"
    props={null}
  />
  <Portal
    name="cart.empty"
    props={null}
  >
    <div
      className="sg-he5guj-container"
    >
      <div
        className="sg-1vww25b-icon empty-cart__image"
      >
        <Icon />
      </div>
      <div
        className="sg-t9d5pc-title"
        data-test-id="emptyCartPlaceHolderString"
      >
        <Translate
          acceptPlainTextWithPlaceholders={false}
          className={null}
          params={{}}
          role={null}
          string="cart.empty"
          transform={null}
        />
      </div>
    </div>
  </Portal>
  <Portal
    name="cart.empty.after"
    props={null}
  />
  <div
    className="sg-iwde4c-buttonContainer"
  >
    <RippleButton
      className="sg-1fwzktp-button"
      disabled={false}
      flat={false}
      onClick={[Function]}
      rippleClassName=""
      rippleSize={null}
      testId="Button"
      type="secondary"
      wrapContent={true}
    >
      <Translate
        acceptPlainTextWithPlaceholders={false}
        className={null}
        params={{}}
        role={null}
        string="cart.continue"
        transform={null}
      />
    </RippleButton>
  </div>
</div>
`;
