// Jest Snapshot v1, https://goo.gl/fbAQLP

exports[`<ProductSlider /> should match snapshot 1`] = `
<ProductListTypeProvider
  subType={null}
  type="productSlider"
>
  <Swiper
    autoPlay={false}
    className="null engage__product__product-slider"
    controls={false}
    freeMode={true}
    indicators={false}
    interval={10}
    loop={false}
    slidesPerView={2.3}
  >
    <Swiper.Item
      className="css-90ryaa"
      key="prod1"
    >
      <ProductCard
        productId="prod1"
        style={
          Object {
            "height": "100%",
            "margin": "0 8px",
          }
        }
      />
    </Swiper.Item>
  </Swiper>
</ProductListTypeProvider>
`;
