// Jest Snapshot v1, https://goo.gl/fbAQLP

exports[`<ScannerOverlay /> should render the component 1`] = `
<div>
  <div
    class="sg-8ytxrl-root"
  >
    <div />
  </div>
  <div
    id="portal-content"
  >
    <button
      aria-label="scanner.flashlight.switchOn"
      class="sg-176t45u-button"
      role="link"
      type="button"
    >
      <div
        aria-hidden="true"
        class="ui-shared__toggle-icon"
      />
    </button>
    <div
      aria-live="polite"
      class="sr-only"
      role="status"
    >
      scanner.flashlight.off
    </div>
    scanner.instructions
  </div>
</div>
`;
