// Jest Snapshot v1, https://goo.gl/fbAQLP

exports[`<Section /> should render hidden when no children rendered 1`] = `
<section
  class=""
/>
`;

exports[`<Section /> should render with a label 1`] = `
<section
  aria-labelledby="my-headline"
  class=""
>
  <span
    class="sg-1plkyt0-root"
  >
    <h2
      id="my-headline"
    >
      my.headline
    </h2>
  </span>
  <div
    id="child-component"
  />
</section>
`;
