// Jest Snapshot v1, https://goo.gl/fbAQLP

exports[`<Section /> should render hidden when no children rendered 1`] = `
<Section
  className={null}
  title="my.headline"
  titleParams={Object {}}
>
  <section />
</Section>
`;

exports[`<Section /> should render with a label 1`] = `
<Section
  className={null}
  title="my.headline"
  titleParams={
    Object {
      "some": "params",
    }
  }
>
  <section
    aria-labelledby="my-headline"
  >
    <h2
      hidden={true}
      id="my-headline"
    >
      <Translate
        params={
          Object {
            "some": "params",
          }
        }
        string="my.headline"
      >
        my.headline
      </Translate>
    </h2>
    <div
      id="child-component"
    />
  </section>
</Section>
`;
