// Jest Snapshot v1, https://goo.gl/fbAQLP

exports[`<ItemDiscount /> should render with discount 1`] = `
<div
  aria-hidden={true}
  className={
    Object {
      "data-css-1mq4e16": "",
    }
  }
>
  <Portal
    name="product-item.discount.before"
    props={
      Object {
        "productId": "1234",
      }
    }
  />
  <Portal
    name="product-item.discount"
    props={
      Object {
        "productId": "1234",
      }
    }
  >
    <DiscountBadge
      className=""
      discount={null}
      display="small"
      text="-12%"
    />
  </Portal>
  <Portal
    name="product-item.discount.after"
    props={
      Object {
        "productId": "1234",
      }
    }
  />
</div>
`;

exports[`<ItemDiscount /> should render without discount 1`] = `""`;
