// Jest Snapshot v1, https://goo.gl/fbAQLP

exports[`<Tiers /> Rendering with data should render tier prices when tier prices are available 1`] = `
<DocumentFragment>
  <div
    class="engage__typography engage__typography_body2 engage__product__header__tiers sg-1x7luiv-Typography-root-Typography-body2-wrapper"
  >
    <span
      class="sg-myao6a-tier"
      role="text"
    >
      price.tier.range
      <span
        class="sg-akguvg-price"
      >
        p
      </span>
    </span>
    <span
      class="sg-myao6a-tier"
      role="text"
    >
      price.tier.range
      <span
        class="sg-akguvg-price"
      >
        p
      </span>
    </span>
  </div>
</DocumentFragment>
`;
