// Jest Snapshot v1, https://goo.gl/fbAQLP

exports[`<CategoryListWidget /> should not render the CategoryListWidget 1`] = `
<CategoryListWidget
  fetchCategory={[Function]}
  getCategory={[Function]}
  items={null}
  settings={
    Object {
      "categoryNumber": "",
      "headline": "Yay Categories",
      "showImages": false,
    }
  }
/>
`;

exports[`<CategoryListWidget /> should render the CategoryListWidget 1`] = `
<CategoryListWidget
  fetchCategory={[Function]}
  getCategory={[Function]}
  items={
    Array [
      Object {
        "id": "1",
        "imageUrl": "/some/url",
        "name": "Headline",
      },
      Object {
        "id": "2",
        "imageUrl": "/some/url",
        "name": "Headline",
      },
    ]
  }
  settings={
    Object {
      "categoryNumber": "",
      "headline": "Yay Categories",
      "showImages": false,
    }
  }
>
  <Headline
    style={null}
    tag="h2"
    text="Yay Categories"
  >
    <h2
      className="css-18cwfw7"
      data-test-id="Headline"
      style={null}
    >
      <Translate
        className={null}
        params={Object {}}
        role={null}
        string="Yay Categories"
        transform={null}
      >
        <span
          className={null}
          role={null}
        >
          Yay Categories
        </span>
      </Translate>
    </h2>
  </Headline>
  <MockedSheetList
    hasImages={false}
  >
    <Item
      image={null}
      key="1"
      link="/category/31"
      testId="Headline"
      title="Headline"
    />
    <Item
      image={null}
      key="2"
      link="/category/32"
      testId="Headline"
      title="Headline"
    />
  </MockedSheetList>
</CategoryListWidget>
`;
