// Jest Snapshot v1, https://goo.gl/fbAQLP

exports[`<ItemPrice /> should render with minimal props 1`] = `
<Fragment>
  <Portal
    name="PRODUCT_ITEM_PRICE_BEFORE"
    props={
      {
        "location": "productGrid",
        "productId": "1234",
      }
    }
  />
  <Portal
    name="PRODUCT_ITEM_PRICE"
    props={
      {
        "location": "productGrid",
        "productId": "1234",
      }
    }
  >
    <ProductGridPrice
      product={
        {
          "id": "1234",
          "price": {},
        }
      }
    />
  </Portal>
  <Portal
    name="PRODUCT_ITEM_PRICE_AFTER"
    props={
      {
        "location": "productGrid",
        "productId": "1234",
      }
    }
  />
</Fragment>
`;
