// Jest Snapshot v1, https://goo.gl/fbAQLP

exports[`<ProductGrid /> should render the original layout 1`] = `
<ProductGrid
  flags={null}
  handleGetProducts={[Function]}
  infiniteLoad={false}
  products={Array []}
  requestHash={null}
  totalProductCount={null}
>
  <Layout>
    <Grid
      className="css-exsswj"
      component="ul"
      data-test-id="productGrid"
      wrap={true}
    >
      <ul
        className="css-exsswj css-h7r55a css-u7q1iu"
        data-test-id="productGrid"
      />
    </Grid>
  </Layout>
</ProductGrid>
`;

exports[`<ProductGrid /> should render with the InfiniteContainer 1`] = `
<ProductGrid
  flags={null}
  handleGetProducts={[Function]}
  infiniteLoad={true}
  products={Array []}
  requestHash={null}
  totalProductCount={null}
>
  <Consumer>
    <InfiniteContainer
      columns={2}
      containerRef={
        Object {
          "current": null,
        }
      }
      initialLimit={32}
      items={Array []}
      iterator={[Function]}
      limit={32}
      loader={[Function]}
      loadingIndicator={<LoadingIndicator />}
      preloadMultiplier={2}
      requestHash={null}
      totalItems={null}
      wrapper={[Function]}
    >
      <div>
        <div>
          <Grid
            className="css-exsswj"
            component="ul"
            data-test-id="productGrid"
            wrap={true}
          >
            <ul
              className="css-exsswj css-h7r55a css-u7q1iu"
              data-test-id="productGrid"
            />
          </Grid>
        </div>
        <LoadingIndicator>
          <div
            className="css-1aid7je"
          >
            <IndicatorCircle
              color="#5ccee3"
              paused={false}
              size={32}
              strokeWidth={3}
            >
              <svg
                className="css-12jxe4c"
                data-test-id="loadingIndicator"
                height={32}
                viewBox="25 25 50 50"
                width={32}
                xmlns="http://www.w3.org/2000/svg"
              >
                <circle
                  className="css-1ei1yr2"
                  cx="50"
                  cy="50"
                  r="20"
                />
              </svg>
            </IndicatorCircle>
          </div>
        </LoadingIndicator>
      </div>
    </InfiniteContainer>
  </Consumer>
</ProductGrid>
`;
