// Jest Snapshot v1, https://goo.gl/fbAQLP

exports[`<Title /> should not render without a title 1`] = `""`;

exports[`<Title /> should render with a title 1`] = `
<ForwardRef(Typography)
  aria-level="2"
  className="sg-bawed5-title"
  component="div"
  id="basicDialogTitle"
  role="heading"
  variant="h3"
>
  <Ellipsis
    className=""
    rows={3}
  >
    <Translate
      acceptPlainTextWithPlaceholders={false}
      className={null}
      params={{}}
      role={null}
      string="Some test title"
      transform={null}
    />
  </Ellipsis>
</ForwardRef(Typography)>
`;
