// Jest Snapshot v1, https://goo.gl/fbAQLP

exports[`<ButtonLink> On click action should create component and open page on click 1`] = `
<div
  class="ui-shared__action-button sg-berhvi-withGap"
>
  <button
    class="common__button ui-shared__button ui-shared__ripple-button sg-lgpz4u-root-button"
    data-test-id="Button"
  >
    <div
      class="ui-shared__ripple sg-fpa50s-contentWrapper"
      data-test-id="Ripple"
    >
      Text inside
    </div>
  </button>
</div>
`;
