// Jest Snapshot v1, https://goo.gl/fbAQLP

exports[`Filter: <Selector /> should render with minimum props 1`] = `
<Component
  portalProps={
    Object {
      "filter": Object {
        "id": "foo",
        "isMultiSelect": false,
        "label": "bar",
        "values": Array [
          Object {
            "id": "foo",
            "label": "fooLabel",
          },
          Object {
            "id": "bar",
            "label": "barLabel",
          },
        ],
      },
      "onChange": [Function],
      "selectedValueIds": Array [],
    }
  }
>
  <FilterItem>
    <Accordion
      handleLabel="filter.filter_by"
      renderLabel={[Function]}
      testId="foo"
    >
      <div
        className={
          Object {
            "data-css-bb7tjd": "",
          }
        }
      >
        <ValueButton
          id="foo"
          isActive={false}
          key="foo"
          label="fooLabel"
          onClick={[Function]}
        />
        <ValueButton
          id="bar"
          isActive={false}
          key="bar"
          label="barLabel"
          onClick={[Function]}
        />
      </div>
    </Accordion>
  </FilterItem>
</Component>
`;
