// Jest Snapshot v1, https://goo.gl/fbAQLP

exports[`<Quicklinks /> should not render when no quicklinks are there 1`] = `
<Provider
  store={
    {
      "@@observable": [Function],
      "dispatch": [Function],
      "getState": [Function],
      "replaceReducer": [Function],
      "subscribe": [Function],
    }
  }
>
  <Connect(Quicklinks)>
    <Quicklinks
      dispatch={[Function]}
      entries={[]}
      isBackInStockEnabled={false}
    />
  </Connect(Quicklinks)>
</Provider>
`;

exports[`<Quicklinks /> should render quicklinks 1`] = `
<Provider
  store={
    {
      "@@observable": [Function],
      "dispatch": [Function],
      "getState": [Function],
      "replaceReducer": [Function],
      "subscribe": [Function],
    }
  }
>
  <Connect(Quicklinks)>
    <Quicklinks
      dispatch={[Function]}
      entries={
        [
          {
            "label": "Some Label",
            "url": "/some/url",
          },
          {
            "label": "Another Label",
            "url": "/another/url",
          },
        ]
      }
      isBackInStockEnabled={false}
    >
      <SurroundPortals
        portalName="nav-menu.quick-links"
        portalProps={
          {
            "Headline": [Function],
            "Item": [Function],
            "Section": [Function],
          }
        }
      >
        <Section
          title="navigation.more_menu"
        >
          <Headline
            style={
              {
                "margin": "24px 20px 16px",
              }
            }
            tag="h2"
            text="navigation.more_menu"
          >
            <h2
              className="css-18cwfw7 headline theme__headline"
              data-test-id="Headline"
              style={
                {
                  "margin": "24px 20px 16px",
                }
              }
            >
              <Text
                string="navigation.more_menu"
              >
                navigation.more_menu
              </Text>
            </h2>
          </Headline>
          <div
            className={
              {
                "data-css-13ch7sr": "",
              }
            }
          >
            <SurroundPortals
              portalName="nav-menu.quick-links.items"
              portalProps={
                {
                  "Headline": [Function],
                  "Item": [Function],
                  "Section": [Function],
                }
              }
            >
              <MoreMenuItem
                className={null}
                href="/some/url"
                key="/some/url"
                label="Some Label"
                onClick={null}
                testId={null}
              >
                <Link
                  className="css-1hj8a57"
                  href="/some/url"
                  role="button"
                >
                  <Text
                    string="Some Label"
                  >
                    Some Label
                  </Text>
                </Link>
              </MoreMenuItem>
              <MoreMenuItem
                className={null}
                href="/another/url"
                key="/another/url"
                label="Another Label"
                onClick={null}
                testId={null}
              >
                <Link
                  className="css-1hj8a57"
                  href="/another/url"
                  role="button"
                >
                  <Text
                    string="Another Label"
                  >
                    Another Label
                  </Text>
                </Link>
              </MoreMenuItem>
            </SurroundPortals>
          </div>
        </Section>
      </SurroundPortals>
    </Quicklinks>
  </Connect(Quicklinks)>
</Provider>
`;
