// Jest Snapshot v1, https://goo.gl/fbAQLP

exports[`engage > locations > StoreList > StoreDetails should render as expected 1`] = `
<StoreDetails>
  <Accordion
    className="css-o08ho"
    contentClassName="css-kxm41v"
    renderLabel={[Function]}
  >
    <StoreOpeningHours
      hours={
        Object {
          "mon": "09:00 - 17:00",
          "sun": "09:00 - 17:00",
        }
      }
      pure={false}
    >
      <StoreDetailsLine
        icon={[Function]}
        linked={false}
      >
        <Grid
          className="css-kmhio2"
        >
          <Grid.Item
            className="css-90mgzt"
            shrink={0}
          >
            <TimeIcon
              aria-hidden={true}
            />
          </Grid.Item>
          <Grid.Item
            className="css-1s3c85m"
            grow={1}
          >
            <Text
              className="css-1mv6qvu"
              string="locations.hours_details"
            >
              locations.hours_details
            </Text>
            <div
              className="css-kckwte"
            >
              <table>
                <tbody>
                  <StoreOpeningHoursLine
                    day="mon"
                    hours="09:00 - 17:00"
                    key="mon"
                  >
                    <tr
                      aria-label="locations.mon: 09:00 - 17:00"
                      className="css-9shxm7"
                      role="row"
                      tabIndex={0}
                    >
                      <td
                        aria-hidden={true}
                        className="css-1ppc7ry"
                      >
                        locations.mon
                      </td>
                      <td
                        aria-hidden={true}
                      >
                        09:00 - 17:00
                      </td>
                    </tr>
                  </StoreOpeningHoursLine>
                  <StoreOpeningHoursLine
                    day="tue"
                    hours={null}
                    key="tue"
                  />
                  <StoreOpeningHoursLine
                    day="wed"
                    hours={null}
                    key="wed"
                  />
                  <StoreOpeningHoursLine
                    day="thu"
                    hours={null}
                    key="thu"
                  />
                  <StoreOpeningHoursLine
                    day="fri"
                    hours={null}
                    key="fri"
                  />
                  <StoreOpeningHoursLine
                    day="sat"
                    hours={null}
                    key="sat"
                  />
                  <StoreOpeningHoursLine
                    day="sun"
                    hours="09:00 - 17:00"
                    key="sun"
                  >
                    <tr
                      aria-label="locations.sun: 09:00 - 17:00"
                      className="css-9shxm7"
                      role="row"
                      tabIndex={0}
                    >
                      <td
                        aria-hidden={true}
                        className="css-1ppc7ry"
                      >
                        locations.sun
                      </td>
                      <td
                        aria-hidden={true}
                      >
                        09:00 - 17:00
                      </td>
                    </tr>
                  </StoreOpeningHoursLine>
                </tbody>
              </table>
            </div>
          </Grid.Item>
        </Grid>
      </StoreDetailsLine>
    </StoreOpeningHours>
    <StorePhoneNumber
      phone="06033123"
    >
      <a
        aria-label="locations.phone: 06033123"
        href="tel:06033123"
        tabIndex={0}
      >
        <StoreDetailsLine
          icon={[Function]}
          linked={true}
        >
          <Grid
            className="css-kmhio2"
          >
            <Grid.Item
              className="css-90mgzt css-1ynyzke"
              shrink={0}
            >
              <PhoneIcon
                aria-hidden={true}
              />
            </Grid.Item>
            <Grid.Item
              className="css-1s3c85m"
              grow={1}
            >
              <div
                aria-hidden={true}
                className="css-ajdtgl"
              >
                06033123
              </div>
              <Text
                aria-hidden={true}
                className="css-1mv6qvu"
                string="locations.phone"
              >
                locations.phone
              </Text>
            </Grid.Item>
          </Grid>
        </StoreDetailsLine>
      </a>
    </StorePhoneNumber>
    <StoreAddressShort
      address={
        Object {
          "city": "Butzbach",
          "code": "code",
          "country": "DE",
          "phoneNumber": "06033123",
          "postalCode": "35510",
          "region": "HE",
          "street": "Marktplatz 12",
          "street2": null,
          "street3": null,
          "street4": null,
        }
      }
      showFull={true}
    >
      <Link
        aria-label="Marktplatz 12locations.address: locations.map_open"
        href="https://www.google.com/maps/dir/?api=1&destination=Marktplatz%2012%2C%20Butzbach%2035510"
        role="button"
        target="_blank"
      >
        <StoreDetailsLine
          icon={[Function]}
          linked={true}
        >
          <Grid
            className="css-kmhio2"
          >
            <Grid.Item
              className="css-90mgzt css-1ynyzke"
              shrink={0}
            >
              <LocationIcon
                aria-hidden={true}
              />
            </Grid.Item>
            <Grid.Item
              className="css-1s3c85m"
              grow={1}
            >
              <p
                className="css-ajdtgl"
              >
                Marktplatz 12
              </p>
              <Ellipsis
                className="css-ajdtgl"
                rows={1}
              >
                locations.address
              </Ellipsis>
              <Text
                aria-label=": locations.map_open"
                className="css-1mv6qvu"
                string="locations.map_open"
              >
                locations.map_open
              </Text>
            </Grid.Item>
          </Grid>
        </StoreDetailsLine>
      </Link>
    </StoreAddressShort>
  </Accordion>
</StoreDetails>
`;
