// Jest Snapshot v1, https://goo.gl/fbAQLP

exports[`engage > locations > StoreList > StoreHeader should render as expected 1`] = `
<StoreHeader>
  <div
    className="css-1qplxu7"
    onClick={[Function]}
    onKeyDown={[Function]}
    role="button"
    tabIndex={0}
  >
    <Grid>
      <Grid.Item
        className="css-1qlb3ci"
        grow={1}
      >
        SomeStore
        <ResponsiveContainer
          breakpoint=">=sm"
          webOnly={true}
        >
          <ul>
            <Grid.Item
              shrink={0}
            >
              <StockInfo
                location={
                  Object {
                    "code": "store",
                    "distance": 0.02,
                    "name": "SomeStore",
                    "operationHours": Object {
                      "fri": "8:00am - 4:00pm",
                      "mon": "8:00am - 4:00pm",
                      "sat": "8:00am - 4:00pm",
                      "sun": "8:00am - 4:00pm",
                      "thu": "8:00am - 4:00pm",
                      "tue": "8:00am - 4:00pm",
                      "wed": "8:00am - 4:00pm",
                    },
                    "unitSystem": "metric",
                  }
                }
                showStoreName={false}
              />
              <StoreDistance
                distance={0.02}
                unitSystem="metric"
              >
                <span
                  className="css-ryqibu"
                >
                  formats.distance.pattern
                </span>
              </StoreDistance>
            </Grid.Item>
          </ul>
        </ResponsiveContainer>
      </Grid.Item>
      <ResponsiveContainer
        appAlways={true}
        breakpoint="<sm"
      >
        <Grid.Item
          shrink={0}
        >
          <StoreDistance
            distance={0.02}
            unitSystem="metric"
          >
            <span
              className="css-ryqibu"
            >
              formats.distance.pattern
            </span>
          </StoreDistance>
        </Grid.Item>
      </ResponsiveContainer>
      <ResponsiveContainer
        breakpoint=">=sm"
        webOnly={true}
      >
        <Grid.Item
          shrink={0}
        >
          <StoreSelectLocationButton />
        </Grid.Item>
      </ResponsiveContainer>
    </Grid>
    <StoreHoursToday
      hours={
        Object {
          "fri": "8:00am - 4:00pm",
          "mon": "8:00am - 4:00pm",
          "sat": "8:00am - 4:00pm",
          "sun": "8:00am - 4:00pm",
          "thu": "8:00am - 4:00pm",
          "tue": "8:00am - 4:00pm",
          "wed": "8:00am - 4:00pm",
        }
      }
      longLabel={false}
    >
      <div
        className="css-17tiibl"
      >
        locations.today_hours
      </div>
    </StoreHoursToday>
  </div>
</StoreHeader>
`;
