// Jest Snapshot v1, https://goo.gl/fbAQLP

exports[`<PaymentBarGrandTotal /> should render without issues 1`] = `
<CartTotalLine
  className={null}
  isDisabled={false}
  type="grandTotal"
>
  <Label
    label="cart.total"
    labelParams={Object {}}
    showSeparator={true}
    suffix={null}
  />
  <Amount
    amount={10}
    currency="EUR"
  />
</CartTotalLine>
`;
