// Jest Snapshot v1, https://goo.gl/fbAQLP

exports[`<PaymentBarShippingCost> should not render shipping line 1`] = `""`;

exports[`<PaymentBarShippingCost> should render shipping line 1`] = `
<CartTotalLine
  className={null}
  isDisabled={false}
  type="shipping"
>
  <Label
    label="My label"
    labelParams={Object {}}
    showSeparator={true}
  />
  <Amount
    amount={10}
    currency="EUR"
  />
  <Hint
    hint={null}
  />
</CartTotalLine>
`;
