// Jest Snapshot v1, https://goo.gl/fbAQLP

exports[`<TaxDisclaimer /> should display null 1`] = `
<SurroundPortals
  portalName="product.tax-disclaimer"
  portalProps={
    Object {
      "showTaxDisclaimer": false,
    }
  }
/>
`;

exports[`<TaxDisclaimer /> should display the component 1`] = `
<SurroundPortals
  portalName="product.tax-disclaimer"
  portalProps={
    Object {
      "showTaxDisclaimer": true,
    }
  }
>
  <div
    aria-hidden={true}
    className="ui-shared__tax-disclaimer"
    data-test-id="taxDisclaimer"
  >
    <Translate
      className="css-fazkyv"
      params={Object {}}
      role={null}
      string="product.tax_disclaimer"
    />
  </div>
</SurroundPortals>
`;
