// Jest Snapshot v1, https://goo.gl/fbAQLP

exports[`<TaxDisclaimer /> should display null 1`] = `
<SurroundPortals
  portalName="product.tax-disclaimer"
  portalProps={
    {
      "showTaxDisclaimer": false,
    }
  }
/>
`;

exports[`<TaxDisclaimer /> should display the component 1`] = `
<SurroundPortals
  portalName="product.tax-disclaimer"
  portalProps={
    {
      "showTaxDisclaimer": true,
    }
  }
>
  <Typography
    align="left"
    aria-hidden={true}
    className="mock-class-text ui-shared__tax-disclaimer"
    component="div"
    data-test-id="taxDisclaimer"
    display="block"
    variant="caption"
  >
    <Text
      acceptPlainTextWithPlaceholders={false}
      className={null}
      params={{}}
      role={null}
      string="product.tax_disclaimer"
      transform={null}
    />
  </Typography>
</SurroundPortals>
`;
