// Jest Snapshot v1, https://goo.gl/fbAQLP

exports[`engage > locations > actions-creators receiveProductLocations 1`] = `
Object {
  "filters": Object {
    "productCode": "abc123",
  },
  "locations": Array [
    Object {
      "code": "LOC1",
    },
    Object {
      "code": "LOC2",
    },
  ],
  "productCode": "id123",
  "type": "RECEIVE_PRODUCT_LOCATIONS",
}
`;
