// Jest Snapshot v1, https://goo.gl/fbAQLP

exports[`<InfoField> should render info field 1`] = `
<DocumentFragment>
  <div
    class="sg-1iey9hl-formElement formElement ui-shared__form-element"
  >
    <ul
      class="common__grid sg-190r8b9-root-noWrap"
    >
      <li
        class="info-field sg-1g6kt2h-root-info"
      >
        Some info text
      </li>
    </ul>
    <div
      class="sg-1fzvff5-underlineWrapper underline"
    >
      <div
        class="sg-ll3grb-underline"
        style="transform: scale3d(0,1,1);"
      />
    </div>
  </div>
</DocumentFragment>
`;
