// Jest Snapshot v1, https://goo.gl/fbAQLP

exports[`<StoreInfo /> should render as expected 1`] = `
<StoreInfo>
  <Portal
    name="nav-menu.store-information.before"
    props={
      Object {
        "Headline": [Function],
        "Item": [Function],
        "Section": [Function],
      }
    }
  />
  <Portal
    name="nav-menu.store-information"
    props={
      Object {
        "Headline": [Function],
        "Item": [Function],
        "Section": [Function],
      }
    }
  >
    <Section
      title="navigation.store_information"
    >
      <Headline
        style={
          Object {
            "margin": "24px 20px 16px",
          }
        }
        tag="h2"
        text="navigation.store_information"
      >
        <h2
          className="css-18cwfw7"
          data-test-id="Headline"
          style={
            Object {
              "margin": "24px 20px 16px",
            }
          }
        >
          <Translate
            className={null}
            params={Object {}}
            role={null}
            string="navigation.store_information"
            transform={null}
          >
            <span
              className={null}
              role={null}
            >
              navigation.store_information
            </span>
          </Translate>
        </h2>
      </Headline>
      <div
        className={
          Object {
            "data-css-13ch7sr": "",
          }
        }
      >
        <Shipping>
          <Portal
            name="nav-menu.shipping.before"
            props={
              Object {
                "Headline": [Function],
                "Item": [Function],
                "Section": [Function],
              }
            }
          />
          <Portal
            name="nav-menu.shipping"
            props={
              Object {
                "Headline": [Function],
                "Item": [Function],
                "Section": [Function],
              }
            }
          >
            <MoreMenuItem
              className={null}
              href="/page/shipping"
              label="navigation.shipping"
              onClick={null}
              testId={null}
            >
              <Link
                className="css-1hj8a57"
                href="/page/shipping"
              >
                <div>
                  <Translate
                    className={null}
                    params={Object {}}
                    role={null}
                    string="navigation.shipping"
                    transform={null}
                  >
                    <span
                      className={null}
                      role={null}
                    >
                      navigation.shipping
                    </span>
                  </Translate>
                </div>
              </Link>
            </MoreMenuItem>
          </Portal>
          <Portal
            name="nav-menu.shipping.after"
            props={
              Object {
                "Headline": [Function],
                "Item": [Function],
                "Section": [Function],
              }
            }
          />
        </Shipping>
        <Payment>
          <Portal
            name="nav-menu.payment.before"
            props={
              Object {
                "Headline": [Function],
                "Item": [Function],
                "Section": [Function],
              }
            }
          />
          <Portal
            name="nav-menu.payment"
            props={
              Object {
                "Headline": [Function],
                "Item": [Function],
                "Section": [Function],
              }
            }
          >
            <MoreMenuItem
              className={null}
              href="/page/payment"
              label="navigation.payment"
              onClick={null}
              testId={null}
            >
              <Link
                className="css-1hj8a57"
                href="/page/payment"
              >
                <div>
                  <Translate
                    className={null}
                    params={Object {}}
                    role={null}
                    string="navigation.payment"
                    transform={null}
                  >
                    <span
                      className={null}
                      role={null}
                    >
                      navigation.payment
                    </span>
                  </Translate>
                </div>
              </Link>
            </MoreMenuItem>
          </Portal>
          <Portal
            name="nav-menu.payment.after"
            props={
              Object {
                "Headline": [Function],
                "Item": [Function],
                "Section": [Function],
              }
            }
          />
        </Payment>
        <Terms>
          <Portal
            name="nav-menu.terms.before"
            props={
              Object {
                "Headline": [Function],
                "Item": [Function],
                "Section": [Function],
              }
            }
          />
          <Portal
            name="nav-menu.terms"
            props={
              Object {
                "Headline": [Function],
                "Item": [Function],
                "Section": [Function],
              }
            }
          >
            <MoreMenuItem
              className={null}
              href="/page/terms"
              label="navigation.terms"
              onClick={null}
              testId={null}
            >
              <Link
                className="css-1hj8a57"
                href="/page/terms"
              >
                <div>
                  <Translate
                    className={null}
                    params={Object {}}
                    role={null}
                    string="navigation.terms"
                    transform={null}
                  >
                    <span
                      className={null}
                      role={null}
                    >
                      navigation.terms
                    </span>
                  </Translate>
                </div>
              </Link>
            </MoreMenuItem>
          </Portal>
          <Portal
            name="nav-menu.terms.after"
            props={
              Object {
                "Headline": [Function],
                "Item": [Function],
                "Section": [Function],
              }
            }
          />
        </Terms>
        <Privacy>
          <Portal
            name="nav-menu.privacy.before"
            props={
              Object {
                "Headline": [Function],
                "Item": [Function],
                "Section": [Function],
              }
            }
          />
          <Portal
            name="nav-menu.privacy"
            props={
              Object {
                "Headline": [Function],
                "Item": [Function],
                "Section": [Function],
              }
            }
          >
            <MoreMenuItem
              className={null}
              href="/page/privacy"
              label="navigation.privacy"
              onClick={null}
              testId={null}
            >
              <Link
                className="css-1hj8a57"
                href="/page/privacy"
              >
                <div>
                  <Translate
                    className={null}
                    params={Object {}}
                    role={null}
                    string="navigation.privacy"
                    transform={null}
                  >
                    <span
                      className={null}
                      role={null}
                    >
                      navigation.privacy
                    </span>
                  </Translate>
                </div>
              </Link>
            </MoreMenuItem>
          </Portal>
          <Portal
            name="nav-menu.privacy.after"
            props={
              Object {
                "Headline": [Function],
                "Item": [Function],
                "Section": [Function],
              }
            }
          />
        </Privacy>
        <ReturnPolicy>
          <Portal
            name="nav-menu.return-policy.before"
            props={
              Object {
                "Headline": [Function],
                "Item": [Function],
                "Section": [Function],
              }
            }
          />
          <Portal
            name="nav-menu.return-policy"
            props={
              Object {
                "Headline": [Function],
                "Item": [Function],
                "Section": [Function],
              }
            }
          >
            <MoreMenuItem
              className={null}
              href="/page/return_policy"
              label="navigation.return_policy"
              onClick={null}
              testId={null}
            >
              <Link
                className="css-1hj8a57"
                href="/page/return_policy"
              >
                <div>
                  <Translate
                    className={null}
                    params={Object {}}
                    role={null}
                    string="navigation.return_policy"
                    transform={null}
                  >
                    <span
                      className={null}
                      role={null}
                    >
                      navigation.return_policy
                    </span>
                  </Translate>
                </div>
              </Link>
            </MoreMenuItem>
          </Portal>
          <Portal
            name="nav-menu.return-policy.after"
            props={
              Object {
                "Headline": [Function],
                "Item": [Function],
                "Section": [Function],
              }
            }
          />
        </ReturnPolicy>
        <Imprint>
          <Portal
            name="nav-menu.imprint.before"
            props={
              Object {
                "Headline": [Function],
                "Item": [Function],
                "Section": [Function],
              }
            }
          />
          <Portal
            name="nav-menu.imprint"
            props={
              Object {
                "Headline": [Function],
                "Item": [Function],
                "Section": [Function],
              }
            }
          >
            <MoreMenuItem
              className={null}
              href="/page/imprint"
              label="navigation.about"
              onClick={null}
              testId={null}
            >
              <Link
                className="css-1hj8a57"
                href="/page/imprint"
              >
                <div>
                  <Translate
                    className={null}
                    params={Object {}}
                    role={null}
                    string="navigation.about"
                    transform={null}
                  >
                    <span
                      className={null}
                      role={null}
                    >
                      navigation.about
                    </span>
                  </Translate>
                </div>
              </Link>
            </MoreMenuItem>
          </Portal>
          <Portal
            name="nav-menu.imprint.after"
            props={
              Object {
                "Headline": [Function],
                "Item": [Function],
                "Section": [Function],
              }
            }
          />
        </Imprint>
      </div>
    </Section>
  </Portal>
  <Portal
    name="nav-menu.store-information.after"
    props={
      Object {
        "Headline": [Function],
        "Item": [Function],
        "Section": [Function],
      }
    }
  />
</StoreInfo>
`;
